// Jest Snapshot v1, https://goo.gl/fbAQLP

exports[`<GridTwoColumn/> should match with snapshot 1`] = `
.c5 {
  color: #FFFFFF;
  font-size: 6.4rem;
  text-transform: uppercase;
}

.c2 {
  display: grid;
  grid-template-columns: 1fr 2fr;
  -webkit-align-items: center;
  -webkit-box-align: center;
  -ms-flex-align: center;
  align-items: center;
  gap: 3.2rem;
}

.c2 .c4 {
  margin-bottom: 3.2rem;
}

.c0 {
  background: #FFFFFF;
  color: #0A1128;
  min-height: 100vh;
  display: -webkit-box;
  display: -webkit-flex;
  display: -ms-flexbox;
  display: flex;
  -webkit-align-items: center;
  -webkit-box-align: center;
  -ms-flex-align: center;
  align-items: center;
  background: #0A1128;
  color: #FFFFFF;
}

.c1 {
  max-width: 120rem;
  margin: 0 auto;
  padding: 3.2rem;
}

.c6 {
  font-size: 2.4rem;
}

@media (max-width:768px) {
  .c5 {
    font-size: 4.0rem;
  }
}

@media (max-width:768px) {
  .c2 {
    grid-template-columns: 1fr;
  }
}

@media (max-width:768px) {
  .c3 {
    margin-bottom: 3.2rem;
    text-align: center;
  }
}

<div>
  <section
    class="c0"
  >
    <section
      class="c1"
    >
      <div
        class="c2"
      >
        <div
          class="c3"
        >
          <h2
            class="c4 c5"
          >
            GridTwoColumn
          </h2>
          <footer
            class="c6"
          >
            Lorem ipsum, dolor sit amet consectetur adipisicing elit. Suscipit quisquam aspernatur sed quos, dolore cum eveniet magnam at consequatur totam iste minus, blanditiis obcaecati eos rerum sunt dolorum perferendis. Nam?
          </footer>
        </div>
        <div
          class=""
        >
          <img
            alt="GridTwoColumn"
            class=""
            src="assets/images/javascript.svg"
          />
        </div>
      </div>
    </section>
  </section>
</div>
`;
